----------------------------
feat: subject

commitDescription: subject

commitFixes: []

commitRefs: []

commitScopes: []

commitType: feat

isType: true

revertedCommit: 

----------------------------
chore(dependencies): subject

commitDescription: subject

commitFixes: []

commitRefs: []

commitScopes: [dependencies]

commitType: chore

isType: false

revertedCommit: 

----------------------------
chore(dependencies:formatting): subject

commitDescription: subject

commitFixes: []

commitRefs: []

commitScopes: [dependencies, formatting]

commitType: chore

isType: false

revertedCommit: 

----------------------------
chore: subject (refs ABC-123)

commitDescription: subject

commitFixes: []

commitRefs: [ABC-123]

commitScopes: []

commitType: chore

isType: false

revertedCommit: 

----------------------------
chore: subject (refs ABC-123 DEF-456)

commitDescription: subject

commitFixes: []

commitRefs: [ABC-123, DEF-456]

commitScopes: []

commitType: chore

isType: false

revertedCommit: 

----------------------------
chore: subject (fixes ABC-123

commitDescription: subject

commitFixes: [ABC-123]

commitRefs: []

commitScopes: []

commitType: chore

isType: false

revertedCommit: 

----------------------------
Revert "doing change 1"

This reverts commit 114a9170d538c35b2fe49ba81453e915192e2d8e.

commitDescription: 

commitFixes: []

commitRefs: []

commitScopes: []

commitType: revert

isType: false

revertedCommit: 114a9170d538c35b2fe49ba81453e915192e2d8e

